// Jest Snapshot v1, https://goo.gl/fbAQLP

exports[`src/App.vue unit tests rendering unit tests Should match the snapshot 1`] = `
<div data-app="true" class="v-application v-application--is-ltr theme--light" id="app">
  <div class="v-application--wrap">
    <header>
      <div usersearch=""></div>
    </header>
    <main class="v-main" style="padding: 0px 0px 0px 0px;">
      <div class="v-main__wrap">
        <div class="container container--fluid">
          <div id="resultsArea" class="row justify-center">
            <div id="ipResults" class="col-md-6 col-8">
              <div class="v-sheet theme--light elevation-2 rounded">
                <div class="container container--fluid">
                  <div class="row no-gutters justify-center">
                    <div class="col">
                      Loading...
                    </div>
                  </div>
                </div>
              </div>
            </div>
            <div id="map" class="col col-12"></div>
          </div>
        </div>
      </div>
    </main>
    <footer class="v-footer v-sheet theme--light v-footer--fixed v-footer--padless indigo accent-3" style="left: 0px; right: 0px; bottom: 0px;">
      <div></div>
    </footer>
    <div class="v-snack v-snack--has-background v-snack--right v-snack--top" style="padding-bottom: 0px; padding-top: 0px;">
      <transition-stub name="v-snack-transition">
        <div class="v-snack__wrapper v-sheet theme--dark error" style="display: none;">
          <div role="status" aria-live="polite" class="v-snack__content"><i aria-hidden="true" class="v-icon notranslate mr-2 mdi mdi-cloud-alert theme--dark"></i>
            Whoops! Can't seem to request that IP
          </div>
          <div class="v-snack__action "></div>
        </div>
      </transition-stub>
    </div>
  </div>
</div>
`;
